$db->table('members')->insertBatch(array(array('name' => 'Jökull', 'surname' => 'Júlíusson', 'age' => 30), array('name' => 'David', 'surname' => 'Antonsson', 'age' => null), array('name' => 'Daniel', 'surname' => 'Kristjansson', 'age' => null), array('name' => 'Rubin', 'surname' => 'Pollock', 'age' => null), array('name' => 'Þorleifur Gaukur', 'surname' => 'Davíðsson', 'age' => null)));