$db->table('members')->insert(array('name' => 'Jökull', 'surname' => 'Júlíusson', 'age' => 30));