$this->db->select('*')->from('members')->join('details', 'members.id = details.members_id', 'RIGHT')->get();