$db->table('members')->select('*')->orderBy('name', 'DESC')->orderBy('surname', 'ASC')->get();