$db->table('members')->select('*')->orderBy('RANDOM (42)')->get();