$db->table('members')->select('*')->join('details', 'members.id = details.members_id', 'LEFT')->get();