$db->table('members')->select('age,salary,count(*)')->groupBy(array('age', 'salary'))->get();