$db->table('members')->notGroupStart()->where('age >', 10)->where('salary >', 2000)->orWhere('age >', 9)->groupEnd()->orNotGroupStart()->where('age <', 10)->groupEnd()->delete();