$this->db->select_max('age', 'age')->get('members');