$this->db->select_min('age', 'age')->get('members');