$this->db->select_sum('age', 'sum_age')->get('members');