$db->table('members')->selectAvg('age', 'age')->get();