$db->table('members')->selectAvg('age', 'avg_member_age')->get();