$db->table('members')->selectSum('age', 'sum_age')->get();