$db->query($db->table('table1')->select('*')->getCompiledSelect().' UNION '.$db->table('table2')->select('*')->getCompiledSelect());