$this->db->select('*')->from('members')->group_start()->where('age', 25)->or_group_start()->where('salary', 2000)->where('gender', 'm')->group_end()->group_end()->where('id >', 100800)->get();