$this->db->query($this->db->select('*')->from('table1')->get_compiled_select().' UNION '.$this->db->select('*')->from('table2')->get_compiled_select())->get();