$this->db->select('*')->order_by('name DESC, surname ASC')->get('members');