$this->db->select('*')->order_by('RANDOM (42)')->get('members');