$this->db->where('age+1', 25, FALSE)->get('members');