$this->db->where('age >', 30)->or_group_start()->like('name', 'J', 'after')->or_group_start()->where('surname', 'P')->where('name !=', null)->group_end()->group_end()->where('AGE !=', 30)->get('members');