$this->db->where_not_in('age', array(20,30))->get('members');