$this->db->get_where('members', array('age' => null));