$this->db->where('age+0', 'age', FALSE)->or_like('name', 'j', 'both')->or_where('id+2 >', 'id+5', FALSE)->get('members');