$db->table('members')->select('*')->having('age >=', 25)->having('age <=', 35)->get();