$db->table('members')->select('*')->having('age+20 >', 45, FALSE)->orHaving('salary-200 >', 500, FALSE)->get();