$db->table('members')->select('name,age,salary,gender')->having(array('name like \'%R\''  =>null,'gender'=> 'm'))->orHaving('salary >', 1000)->having('age+2', 25, FALSE)->having('gender', 0)->get();