$db->table('members')->select('age,salary')->having(array('age >'=> 25,'salary <'=> 3000))->get();