$db->table('members')->select('name,surname,age')->get(10, 20);