$db->table('members')->getWhere(array('id' => 1), 10, 20);