$db->table('members')->getWhere(array('age' => 25));