$db->table('members')->where('age >=', 20)->where('age <=', 30)->get();