$db->table('members')->where('age+1', 25, FALSE)->get();