$db->table('members')->where('age+0', 'age', FALSE)->get();