$db->table('members')->where("!(age BETWEEN 20 AND 30)")->get();