$db->table('members')->getWhere(array('age' => null));