$db->table('members')->where(array('id' => 2))->set(array('age' => 10))->update();