$db->table('members')->where(array('id' => 2))->set('age', 'age+10', FALSE)->update();